<?xml version="1.0" encoding="UTF-8"?>
<testsuites name="jest tests" tests="6" failures="0" errors="0" time="2.738">
  <testsuite name="HelloService" errors="0" failures="0" skipped="0" timestamp="2024-01-15T00:33:52" time="2.358" tests="2">
    <testcase classname="HelloService should be defined" name="HelloService should be defined" time="0.013">
    </testcase>
    <testcase classname="HelloService hello should return hello world" name="HelloService hello should return hello world" time="0.003">
    </testcase>
  </testsuite>
  <testsuite name="HealthController" errors="0" failures="0" skipped="0" timestamp="2024-01-15T00:33:52" time="2.414" tests="2">
    <testcase classname="HealthController should be defined" name="HealthController should be defined" time="0.019">
    </testcase>
    <testcase classname="HealthController should call terminus check" name="HealthController should call terminus check" time="0.004">
    </testcase>
  </testsuite>
  <testsuite name="HelloController" errors="0" failures="0" skipped="0" timestamp="2024-01-15T00:33:52" time="2.458" tests="2">
    <testcase classname="HelloController should be defined" name="HelloController should be defined" time="0.016">
    </testcase>
    <testcase classname="HelloController should return service hello when controller hello" name="HelloController should return service hello when controller hello" time="0.002">
    </testcase>
  </testsuite>
</testsuites>